[backblue.gif]
[fade.gif]
[index.html]
[Banklyforextrade.com/img/favicon.ico]
[Banklyforextrade.com/img/j.png]
[Banklyforextrade.com/img/l.jpg]
[Banklyforextrade.com/img/m.jpg]
[Banklyforextrade.com/img/process-icons/1st.png]
[Banklyforextrade.com/img/process-icons/2nd.png]
[Banklyforextrade.com/img/process-icons/3rd.png]
[Banklyforextrade.com/img/n.jpg]
[Banklyforextrade.com/img/o.jpg]
[Banklyforextrade.com/img/p.jpg]
[Banklyforextrade.com/img/q.jpg]
[Banklyforextrade.com/img/quote.png]
[Banklyforextrade.com/img/appstore.png]
[Banklyforextrade.com/img/playstore.png]
[Banklyforextrade.com/js/jquery-3.2.1.min.js]
[Banklyforextrade.com/js/owl.carousel.min.js]
[Banklyforextrade.com/js/main.js]
[Banklyforextrade.com/index.html]
[Banklyforextrade.com/css/bootstrap.min.css]
[Banklyforextrade.com/icon-fonts/fontawesome-webfont3e6e.eot]
[Banklyforextrade.com/icon-fonts/fontawesome-webfontd41d.eot]
[Banklyforextrade.com/icon-fonts/fontawesome-webfont3e6e.woff2]
[Banklyforextrade.com/icon-fonts/fontawesome-webfont3e6e.woff]
[Banklyforextrade.com/css/font-awesome.min.css]
[Banklyforextrade.com/icon-fonts/themify9f24.eot]
[Banklyforextrade.com/icon-fonts/themify9f24.woff]
[Banklyforextrade.com/icon-fonts/themify9f24.ttf]
[Banklyforextrade.com/css/themify-icons.css]
[Banklyforextrade.com/css/owl.carousel.css]
[Banklyforextrade.com/fonts/Futura.woff]
[Banklyforextrade.com/img/h.png]
[Banklyforextrade.com/img/process-line.png]
[Banklyforextrade.com/img/page-info-bg.png]
[Banklyforextrade.com/css/style.css]
[Banklyforextrade.com/auth/register.html]
[Banklyforextrade.com/img/about-img.jpg]
[Banklyforextrade.com/about.html]
[stackpath.bootstrapcdn.com/bootstrap/4.5.2/css/bootstrap.min.css]
[kit.fontawesome.com/a076d05399.js]
[Banklyforextrade.com/auth/dashboard/login-user.html]
[Banklyforextrade.com/register.php]
[Banklyforextrade.com/img/l.html]
[Banklyforextrade.com/register.php]
[Banklyforextrade.com/login.php]
[Banklyforextrade.com/forget-password.php]
[Banklyforextrade.com/icon-fonts/fontawesome-webfont3e6e.svg]
[Banklyforextrade.com/icon-fonts/themify9f24.svg]
[Banklyforextrade.com/css/animate.css]
[Banklyforextrade.com/css/owl.video.play.html]
[Banklyforextrade.com/auth/login.php]
[Banklyforextrade.com/js/map.js]
[Banklyforextrade.com/contact.php]
[stackpath.bootstrapcdn.com/bootstrap/4.5.2/css/bootstrap.min.css]
[Banklyforextrade.com/icon-fonts/themifyd41d.eot]
[Banklyforextrade.com/auth/dashboard/1.jpg]
[Banklyforextrade.com/auth/dashboard/new.css]
[Banklyforextrade.com/auth/dashboard/forgot-password.html]
[Banklyforextrade.com/auth/1.jpg]
[Banklyforextrade.com/auth/style.css]
[Banklyforextrade.com/auth/new.css]
[Banklyforextrade.com/auth/forgot-password.html]
[Banklyforextrade.com/icon-fonts/fontawesome-webfont3e6e.ttf]
[Banklyforextrade.com/n.html]
